Verifies
Verified using v1 scheme (JAR signing): false
Verified using v2 scheme (APK Signature Scheme v2): true
Verified using v3 scheme (APK Signature Scheme v3): true
Verified using v3.1 scheme (APK Signature Scheme v3.1): false
Verified using v4 scheme (APK Signature Scheme v4): false
Verified for SourceStamp: false
Number of signers: 1
Signer #1 certificate DN: CN=Yarmouk Field Project, OU=Field Engineering, O=UNRWA Project Tools, L=Damascus, C=SY
Signer #1 certificate SHA-256 digest: d2c1cfc6f33ba0fcc12efd33e12098ad6d50dd832a1f8e88feb774337c6e8566
Signer #1 certificate SHA-1 digest: a90f68c281e9d710b0696c5f314a12a7effaf1ca
Signer #1 certificate MD5 digest: 870ff4f548883a99be9ad757689864e3
Signer #1 key algorithm: RSA
Signer #1 key size (bits): 3072
Signer #1 public key SHA-256 digest: 06b482a327e60b1d83b77c4945b32d580b95f17404c010bb4a84b2baadb0b812
Signer #1 public key SHA-1 digest: 9510c8114c3516711b8b2d0788970d8a5115874b
Signer #1 public key MD5 digest: de8a11b681903811ce5854ead2c5b5c7
package: name='org.unrwa.yarmoukfield' versionCode='1901' versionName='19.1' platformBuildVersionName='17' platformBuildVersionCode='37' compileSdkVersion='37' compileSdkVersionCodename='17'
minSdkVersion:'24'
targetSdkVersion:'36'
uses-permission: name='android.permission.CAMERA'
uses-permission: name='android.permission.ACCESS_FINE_LOCATION'
uses-permission: name='android.permission.READ_CONTACTS'
uses-permission: name='android.permission.WRITE_CONTACTS'
application-label:'مشروع المأوى في الأونروا'
application-icon-160:'res/mipmap-mdpi-v4/ic_launcher.png'
application-icon-240:'res/mipmap-hdpi-v4/ic_launcher.png'
application-icon-320:'res/mipmap-xhdpi-v4/ic_launcher.png'
application-icon-480:'res/mipmap-xxhdpi-v4/ic_launcher.png'
application-icon-640:'res/mipmap-xxxhdpi-v4/ic_launcher.png'
application-icon-65535:'res/mipmap-xxxhdpi-v4/ic_launcher.png'
application: label='مشروع المأوى في الأونروا' icon='res/mipmap-mdpi-v4/ic_launcher.png'
launchable-activity: name='org.unrwa.yarmoukfield.MainActivity'  label='' icon=''
feature-group: label=''
  uses-feature-not-required: name='android.hardware.camera'
  uses-feature-not-required: name='android.hardware.camera.autofocus'
  uses-feature-not-required: name='android.hardware.location.gps'
  uses-feature-not-required: name='android.hardware.telephony'
  uses-feature: name='android.hardware.faketouch'
  uses-implied-feature: name='android.hardware.faketouch' reason='default feature for all apps'
  uses-feature: name='android.hardware.location'
  uses-implied-feature: name='android.hardware.location' reason='requested android.permission.ACCESS_FINE_LOCATION permission'
  uses-feature: name='android.hardware.screen.portrait'
  uses-implied-feature: name='android.hardware.screen.portrait' reason='one or more activities have specified a portrait orientation'
main
other-activities
supports-screens: 'small' 'normal' 'large' 'xlarge'
supports-any-density: 'true'
locales: '--_--'
densities: '160' '240' '320' '480' '640' '65535'
APK_READY::C:\Users\Administrator\Pictures\New folder\Yarmouk_Camp_Shelter_Android\dist\Yarmouk_Camp_Field_Android_v19.1.apk
SHA256::C49918ED9AFB0A06724595867FFE3461D3B91F0356CAEBD9AD5154EB1D02C95A
